2025-11-27 21:06:00 INFO  HomePageTestCases:93 - verifyUserIsAbleToIncreaseCartPrice : passed
2025-11-27 21:21:20 INFO  CartPageTestCases:49 - public void TestPages.CartPageTestCases.verifyItemQuantityIncreasingWhileAddingSameItem(java.lang.reflect.Method) : Passed
2025-11-27 21:27:45 INFO  CartPageTestCases:49 - public void TestPages.CartPageTestCases.verifyItemQuantityIncreasingWhileAddingSameItem(java.lang.reflect.Method) : Passed
2025-12-14 22:42:00 INFO  HomePageTestCases:58 - verifyItemNumberIsIncreasingWhileAddingMultipleItems : passed
2026-01-11 19:09:40 INFO  HomePageTestCases:59 - verifyItemNumberIsIncreasingWhileAddingMultipleItems : passed
2026-01-11 19:20:50 INFO  HomePageTestCases:59 - verifyItemNumberIsIncreasingWhileAddingMultipleItems : passed
2026-01-11 19:20:56 INFO  HomePageTestCases:78 - verifyItemNumberIsNotIncreasingWhileAddingSameItem : passed
2026-01-11 19:20:59 INFO  HomePageTestCases:41 - verifyItemNumberIsUpdatingWhileAddingDifferentProductsToCart : passed
2026-01-11 19:21:02 INFO  HomePageTestCases:41 - verifyItemNumberIsUpdatingWhileAddingDifferentProductsToCart : passed
2026-01-11 19:21:04 INFO  HomePageTestCases:41 - verifyItemNumberIsUpdatingWhileAddingDifferentProductsToCart : passed
2026-01-11 19:21:06 INFO  HomePageTestCases:96 - verifyUserIsAbleToIncreaseCartPrice : passed
2026-01-11 19:21:07 INFO  HomePageTestCases:132 - verifyUserIsAbleToSearchItem : passed
2026-01-11 19:21:10 INFO  HomePageTestCases:115 - verifyUserIsNotAbleToDecreaseDefaultQuantityInQuantityBox : passed
2026-01-11 19:40:57 INFO  HomePageTestCases:59 - verifyItemNumberIsIncreasingWhileAddingMultipleItems : passed
2026-01-11 22:16:59 INFO  HomePageTestCases:57 - verifyItemNumberIsIncreasingWhileAddingMultipleItems : passed
2026-01-11 22:17:07 INFO  HomePageTestCases:76 - verifyItemNumberIsNotIncreasingWhileAddingSameItem : passed
2026-01-11 22:17:10 INFO  HomePageTestCases:39 - verifyItemNumberIsUpdatingWhileAddingDifferentProductsToCart : passed

2026-02-08 15:42:27 INFO  HomePageTestCases:60 - verifyItemNumberIsIncreasingWhileAddingMultipleItems : passed
2026-02-08 15:42:35 INFO  HomePageTestCases:79 - verifyItemNumberIsNotIncreasingWhileAddingSameItem : passed
2026-02-08 15:42:41 INFO  HomePageTestCases:41 - verifyItemNumberIsUpdatingWhileAddingDifferentProductsToCart : passed
2026-02-08 15:42:46 INFO  HomePageTestCases:41 - verifyItemNumberIsUpdatingWhileAddingDifferentProductsToCart : passed
2026-02-08 15:42:51 INFO  HomePageTestCases:41 - verifyItemNumberIsUpdatingWhileAddingDifferentProductsToCart : passed
2026-02-08 15:42:56 INFO  HomePageTestCases:97 - verifyUserIsAbleToIncreaseCartPrice : passed
2026-02-08 15:43:01 INFO  HomePageTestCases:134 - verifyUserIsAbleToSearchItem : passed
2026-02-08 15:47:22 INFO  HomePageTestCases:117 - verifyUserIsNotAbleToDecreaseDefaultQuantityInQuantityBox : passed
2026-02-08 15:47:59 INFO  HomePageTestCases:79 - verifyItemNumberIsNotIncreasingWhileAddingSameItem : passed
2026-02-08 15:48:05 INFO  HomePageTestCases:117 - verifyUserIsNotAbleToDecreaseDefaultQuantityInQuantityBox : passed
2026-05-31 21:08:35 INFO  HomePageTestCases:97 - verifyUserIsAbleToIncreaseCartPrice : passed
2026-05-31 21:08:35 INFO  HomePageTestCases:97 - verifyUserIsAbleToIncreaseCartPrice : passed
2026-05-31 21:09:02 INFO  HomePageTestCases:79 - verifyItemNumberIsNotIncreasingWhileAddingSameItem : passed
